Python File Write Test